[0.011s][info][gc] Using Serial
[0.171s][info][gc] GC(0) Pause Young (Allocation Failure) 3M->1M(11M) 2.529ms
[3.007s][info][gc] GC(1) Pause Young (Allocation Failure) 5M->3M(11M) 3.250ms
[3.403s][info][gc] GC(2) Pause Young (Allocation Failure) 6M->4M(11M) 3.019ms
[5.499s][info][gc] GC(3) Pause Young (Allocation Failure) 7M->4M(11M) 3.456ms
[22.523s][info][gc] GC(4) Pause Young (Allocation Failure) 8M->5M(11M) 1.746ms
[42.528s][info][gc] GC(5) Pause Young (Allocation Failure) 9M->5M(11M) 0.729ms
[45.448s][info][gc] GC(6) Pause Young (Allocation Failure) 9M->6M(11M) 0.924ms
[45.465s][info][gc] GC(7) Pause Young (Allocation Failure) 10M->10M(11M) 0.044ms
[45.477s][info][gc] GC(8) Pause Full (Allocation Failure) 10M->6M(11M) 11.078ms
[45.487s][info][gc] GC(9) Pause Young (Allocation Failure) 10M->10M(11M) 0.034ms
[45.495s][info][gc] GC(10) Pause Full (Allocation Failure) 10M->7M(11M) 7.985ms
[45.499s][info][gc] GC(11) Pause Young (Allocation Failure) 10M->10M(11M) 0.033ms
[45.506s][info][gc] GC(12) Pause Full (Allocation Failure) 10M->7M(11M) 7.854ms
[45.511s][info][gc] GC(13) Pause Young (Allocation Failure) 10M->10M(11M) 0.035ms
[45.520s][info][gc] GC(14) Pause Full (Allocation Failure) 10M->6M(11M) 9.162ms
[45.524s][info][gc] GC(15) Pause Young (Allocation Failure) 10M->10M(11M) 0.040ms
[45.533s][info][gc] GC(16) Pause Full (Allocation Failure) 10M->7M(11M) 8.274ms
[45.537s][info][gc] GC(17) Pause Young (Allocation Failure) 10M->10M(11M) 0.037ms
[45.545s][info][gc] GC(18) Pause Full (Allocation Failure) 10M->7M(11M) 8.001ms
[45.549s][info][gc] GC(19) Pause Young (Allocation Failure) 10M->10M(11M) 0.029ms
[45.556s][info][gc] GC(20) Pause Full (Allocation Failure) 10M->7M(11M) 7.596ms
[51.529s][info][gc] GC(21) Pause Young (Allocation Failure) 10M->10M(11M) 0.038ms
[51.538s][info][gc] GC(22) Pause Full (Allocation Failure) 10M->5M(11M) 8.429ms
[71.522s][info][gc] GC(23) Pause Young (Allocation Failure) 8M->6M(11M) 0.480ms
[100.540s][info][gc] GC(24) Pause Young (Allocation Failure) 9M->6M(11M) 0.490ms
[131.588s][info][gc] GC(25) Pause Young (Allocation Failure) 9M->6M(11M) 0.416ms
[162.613s][info][gc] GC(26) Pause Young (Allocation Failure) 9M->6M(11M) 0.403ms
[193.641s][info][gc] GC(27) Pause Young (Allocation Failure) 9M->6M(11M) 0.493ms
