[0.023s][info][gc] Using The Z Garbage Collector
[0.175s][info][gc] GC(0) Garbage Collection (Warmup) 4M(20%)->4M(20%)
[0.259s][info][gc] GC(1) Garbage Collection (Warmup) 8M(40%)->6M(30%)
[0.353s][info][gc] GC(2) Garbage Collection (Warmup) 6M(30%)->6M(30%)
[0.464s][info][gc] GC(3) Garbage Collection (Allocation Rate) 6M(30%)->6M(30%)
[0.559s][info][gc] GC(4) Garbage Collection (Allocation Rate) 6M(30%)->6M(30%)
[0.655s][info][gc] GC(5) Garbage Collection (Allocation Rate) 6M(30%)->6M(30%)
[0.751s][info][gc] GC(6) Garbage Collection (Allocation Rate) 6M(30%)->6M(30%)
[0.863s][info][gc] GC(7) Garbage Collection (Allocation Rate) 6M(30%)->6M(30%)
[0.959s][info][gc] GC(8) Garbage Collection (Allocation Rate) 6M(30%)->6M(30%)
[1.057s][info][gc] GC(9) Garbage Collection (Allocation Rate) 8M(40%)->6M(30%)
[1.152s][info][gc] GC(10) Garbage Collection (Allocation Rate) 6M(30%)->6M(30%)
[5.064s][info][gc] GC(11) Garbage Collection (Proactive) 8M(40%)->6M(30%)
[5.464s][info][gc] GC(12) Garbage Collection (Proactive) 12M(60%)->10M(50%)
[6.462s][info][gc] GC(13) Garbage Collection (Proactive) 12M(60%)->8M(40%)
[7.457s][info][gc] GC(14) Garbage Collection (Proactive) 10M(50%)->8M(40%)
[8.357s][info][gc] GC(15) Garbage Collection (Proactive) 10M(50%)->8M(40%)
[9.172s][info][gc] GC(16) Garbage Collection (Proactive) 10M(50%)->8M(40%)
[9.959s][info][gc] GC(17) Garbage Collection (Proactive) 10M(50%)->8M(40%)
[10.758s][info][gc] GC(18) Garbage Collection (Proactive) 10M(50%)->8M(40%)
[11.556s][info][gc] GC(19) Garbage Collection (Proactive) 10M(50%)->8M(40%)
[12.566s][info][gc] GC(20) Garbage Collection (Proactive) 10M(50%)->8M(40%)
[13.362s][info][gc] GC(21) Garbage Collection (Proactive) 12M(60%)->10M(50%)
[14.161s][info][gc] GC(22) Garbage Collection (Proactive) 12M(60%)->10M(50%)
[14.958s][info][gc] GC(23) Garbage Collection (Proactive) 12M(60%)->10M(50%)
[15.766s][info][gc] GC(24) Garbage Collection (Proactive) 12M(60%)->10M(50%)
[16.562s][info][gc] GC(25) Garbage Collection (Proactive) 12M(60%)->10M(50%)
[17.559s][info][gc] GC(26) Garbage Collection (Proactive) 12M(60%)->10M(50%)
[18.556s][info][gc] GC(27) Garbage Collection (Proactive) 12M(60%)->10M(50%)
[19.557s][info][gc] GC(28) Garbage Collection (Proactive) 12M(60%)->10M(50%)
[20.554s][info][gc] GC(29) Garbage Collection (Proactive) 12M(60%)->10M(50%)
[21.569s][info][gc] GC(30) Garbage Collection (Proactive) 12M(60%)->10M(50%)
[22.255s][info][gc] GC(31) Garbage Collection (Proactive) 14M(70%)->14M(70%)
[30.568s][info][gc] GC(32) Garbage Collection (Proactive) 16M(80%)->10M(50%)
[31.567s][info][gc] GC(33) Garbage Collection (Proactive) 12M(60%)->10M(50%)
[32.560s][info][gc] GC(34) Garbage Collection (Proactive) 12M(60%)->10M(50%)
[33.555s][info][gc] GC(35) Garbage Collection (Proactive) 12M(60%)->10M(50%)
[34.566s][info][gc] GC(36) Garbage Collection (Proactive) 12M(60%)->10M(50%)
[34.716s][info][gc] Allocation Stall (main) 11.223ms
[34.717s][info][gc] GC(37) Garbage Collection (Allocation Stall) 20M(100%)->14M(70%)
[34.735s][info][gc] Allocation Stall (main) 10.873ms
[34.736s][info][gc] GC(38) Garbage Collection (Allocation Stall) 20M(100%)->16M(80%)
[34.754s][info][gc] Allocation Stall (main) 11.109ms
[34.755s][info][gc] GC(39) Garbage Collection (Allocation Stall) 20M(100%)->16M(80%)
[34.770s][info][gc] Allocation Stall (main) 10.524ms
[34.771s][info][gc] Relocation Stall (main) 0.024ms
[34.771s][info][gc] GC(40) Garbage Collection (Allocation Stall) 20M(100%)->16M(80%)
[34.864s][info][gc] GC(41) Garbage Collection (Allocation Rate) 20M(100%)->10M(50%)
[34.958s][info][gc] GC(42) Garbage Collection (Allocation Rate) 10M(50%)->10M(50%)
[35.053s][info][gc] GC(43) Garbage Collection (Allocation Rate) 10M(50%)->10M(50%)
[35.162s][info][gc] GC(44) Garbage Collection (Allocation Rate) 10M(50%)->10M(50%)
[35.256s][info][gc] GC(45) Garbage Collection (Allocation Rate) 10M(50%)->10M(50%)
[35.366s][info][gc] GC(46) Garbage Collection (Allocation Rate) 10M(50%)->10M(50%)
[35.459s][info][gc] GC(47) Garbage Collection (Allocation Rate) 10M(50%)->10M(50%)
[35.555s][info][gc] GC(48) Garbage Collection (Allocation Rate) 12M(60%)->10M(50%)
[35.664s][info][gc] GC(49) Garbage Collection (Allocation Rate) 10M(50%)->10M(50%)
[36.554s][info][gc] GC(50) Garbage Collection (Proactive) 12M(60%)->10M(50%)
[37.567s][info][gc] GC(51) Garbage Collection (Proactive) 12M(60%)->10M(50%)
[38.555s][info][gc] GC(52) Garbage Collection (Proactive) 12M(60%)->10M(50%)
[39.567s][info][gc] GC(53) Garbage Collection (Proactive) 12M(60%)->10M(50%)
[40.368s][info][gc] GC(54) Garbage Collection (Proactive) 14M(70%)->14M(70%)
[52.560s][info][gc] GC(55) Garbage Collection (Proactive) 16M(80%)->14M(70%)
[66.669s][info][gc] GC(56) Garbage Collection (Proactive) 16M(80%)->14M(70%)
[76.655s][info][gc] GC(57) Garbage Collection (Proactive) 16M(80%)->14M(70%)
[89.662s][info][gc] GC(58) Garbage Collection (Proactive) 16M(80%)->14M(70%)
[101.661s][info][gc] GC(59) Garbage Collection (Proactive) 16M(80%)->14M(70%)
[117.669s][info][gc] GC(60) Garbage Collection (Proactive) 16M(80%)->14M(70%)
[132.664s][info][gc] GC(61) Garbage Collection (Proactive) 16M(80%)->14M(70%)
[147.067s][info][gc] GC(62) Garbage Collection (Proactive) 16M(80%)->10M(50%)
[147.767s][info][gc] GC(63) Garbage Collection (Proactive) 12M(60%)->10M(50%)
[148.654s][info][gc] GC(64) Garbage Collection (Proactive) 12M(60%)->12M(60%)
[164.759s][info][gc] GC(65) Garbage Collection (Proactive) 14M(70%)->10M(50%)
[165.669s][info][gc] GC(66) Garbage Collection (Proactive) 12M(60%)->12M(60%)
